
Discarded input sections

 .gomi          0x0000000000000000       0x14 output.o

Memory Configuration

Name             Origin             Length             Attributes
*default*        0x0000000000000000 0xffffffffffffffff

Linker script and memory map

                0x0000000040100000                virt = 0x40100000
                0x0000000000100000                phys = 0x100000
                0x0000000040100000                . = virt
                0x0000000040100000                head = .
                0x0000000040100078                . = (virt + SIZEOF_HEADERS)

.entry          0x0000000040101000     0x6a30 load address 0x0000000000101000
                0x0000000040101000                code = .
 *(.entry)
 .entry         0x0000000040101000     0x6000 output.o
                0x000000004010100c                entry
                0x000000004010131e                uefi_entry_save_regs
                0x000000004010136c                uefi_entry_restore_regs
                0x00000000401013e3                uefi_entry_virttophys
                0x00000000401013ee                uefi_entry_call
                0x000000004010142e                uefi_entry_pcpy
                0x000000004010146d                uefi_entry_start
                0x000000004010152b                uefi_entry_cr3
                0x0000000040101533                uefi_entry_rsp
                0x000000004010153b                uefi_entry_ret_addr
                0x0000000040101543                uefi_entry_gdtr
                0x00000000401015f0                cpuinit_start
                0x0000000040101820                vmm_base_cr3
                0x0000000040101838                apinit_procs
                0x0000000040101840                apinit_lock
                0x0000000040101848                cpuinit_end
                0x0000000040103000                entry_pdp
                0x0000000040104000                entry_pd0
                0x0000000040105000                entry_pd
 *(.entry.text)
 .entry.text    0x0000000040107000      0x842 output.o
                0x0000000040107000                uefi_init_get_vmmsize
                0x0000000040107158                uefi_init
 *(.entry.data)
 *fill*         0x0000000040107842       0x1e 
 .entry.data    0x0000000040107860      0x1d0 output.o
                0x0000000040107928                uefi_boot_acpi_table_mod
                0x0000000040107930                uefi_create_event
                0x0000000040107938                uefi_uninstall_protocol_interface
                0x0000000040107940                uefi_protocols_per_handle
                0x0000000040107948                uefi_boot_param_ext_addr
                0x0000000040107950                uefi_disconnect_controller
                0x0000000040107958                uefi_image_handle
                0x0000000040107960                uefi_close_protocol
                0x0000000040107968                uefi_open_protocol
                0x0000000040107970                uefi_locate_device_path
                0x0000000040107978                uefi_free_pool
                0x0000000040107980                uefi_locate_handle_buffer
                0x0000000040107988                uefi_acpi_table
                0x0000000040107990                uefi_acpi_20_table
                0x0000000040107998                uefi_wait_for_event
                0x00000000401079a0                uefi_free_pages
                0x00000000401079a8                uefi_get_memory_map
                0x00000000401079b0                uefi_allocate_pages
                0x00000000401079b8                uefi_conout_output_string
                0x00000000401079c0                uefi_conin_read_key_stroke
                0x00000000401079c8                uefi_conout
                0x00000000401079d0                uefi_conin

.text           0x0000000040108000    0xe0189 load address 0x0000000000108000
                0x0000000040108000                text = .
 *(.text)
 .text          0x0000000040108000    0xe0189 output.o
                0x000000004010920c                acpi_smi_hook
                0x000000004010925b                acpi_iohook
                0x00000000401092b5                acpi_reset
                0x000000004010941b                acpi_poweroff
                0x0000000040109452                get_acpi_time_raw
                0x0000000040109472                acpi_read_mcfg
                0x00000000401094d7                acpi_dmar_translate
                0x000000004010969d                acpi_dmar_msi_to_icr
                0x0000000040109819                acpi_dmar_add_pci_device
                0x0000000040109b3d                acpi_dmar_done_pci_device
                0x0000000040109c1a                modify_acpi_table
                0x000000004010f806                acpi_dsdt_parse
                0x000000004010f8e1                acpi_ssdt_parse
                0x000000004010fac1                apinitproc0
                0x000000004010faf8                apic_available
                0x000000004010fb29                ap_start_addr
                0x000000004010fe96                panic_wakeup_all
                0x000000004010ff1b                disable_apic
                0x000000004010ffc6                sync_all_processors
                0x000000004011005d                start_all_processors
                0x00000000401100c7                self_ipi
                0x0000000040110126                send_ipi
                0x00000000401101a8                eoi
                0x00000000401101e7                msi_to_icr
                0x0000000040110292                is_icr_destination_me
                0x000000004011036f                dmar_irte_to_icr
                0x00000000401103ff                ap_change_base_msr
                0x0000000040110416                assertion_failed
                0x0000000040110452                beep_set_freq
                0x0000000040110482                beep_on
                0x0000000040110491                beep_off
                0x0000000040110b52                update_mtrr_and_pat
                0x0000000040110f5d                cache_get_gpat
                0x0000000040110fb2                cache_set_gpat
                0x0000000040111000                cache_get_attr
                0x000000004011109d                cache_get_gmtrr_type
                0x00000000401110c0                cache_gmtrr_type_equal
                0x00000000401111f0                cache_get_gmtrr_attr
                0x000000004011121c                cache_get_gmtrrcap
                0x0000000040111249                cache_get_gmtrr
                0x0000000040111363                cache_set_gmtrr
                0x00000000401113c4                cache_get_gmsr_amd
                0x0000000040111458                cache_set_gmsr_amd
                0x000000004011190a                callrealmode_endofcodeaddr
                0x000000004011191a                callrealmode_usevcpu
                0x0000000040111926                callrealmode_printmsg
                0x0000000040111947                callrealmode_getsysmemmap
                0x000000004011199a                callrealmode_getshiftflags
                0x00000000401119bc                callrealmode_setvideomode
                0x00000000401119de                callrealmode_reboot
                0x00000000401119fc                callrealmode_tcgbios
                0x0000000040111a93                callrealmode_disk_readmbr
                0x0000000040111ad7                callrealmode_disk_readlba
                0x0000000040111b23                callrealmode_bootcd_getstatus
                0x0000000040111b7b                callrealmode_setcursorpos
                0x0000000040111ba4                callrealmode_startkernel32
                0x0000000040111bc8                callrealmode_getfontinfo
                0x0000000040111c3c                call_uefi_get_memory_map
                0x0000000040111cc2                call_uefi_allocate_pages
                0x0000000040111d26                call_uefi_free_pages
                0x0000000040111d4c                call_uefi_create_event_exit_boot_services
                0x0000000040111db0                call_uefi_boot_acpi_table_mod
                0x0000000040111dff                call_uefi_getkey
                0x0000000040111e77                call_uefi_putchar
                0x0000000040111ec3                call_uefi_disconnect_pcidev_driver
                0x0000000040112462                call_uefi_netdev_get_mac_addr
                0x000000004011285e                fill_pagetable
                0x0000000040112975                call_uefi_get_graphics_info
                0x0000000040112c7f                copy_uefi_bootcode
                0x0000000040112dd3                get_cpu_id
                0x0000000040112de6                cpu_emul_cpuid
                0x0000000040112e9e                cpu_emul_rdmsr
                0x0000000040112f1b                cpu_emul_wrmsr
                0x0000000040112f8d                cpu_emul_hlt
                0x0000000040112fa4                cpu_emul_cli
                0x0000000040112fe1                cpu_emul_sti
                0x000000004011301e                cpu_emul_realmode_int
                0x000000004011318b                cpu_emul_xsetbv
                0x0000000040115697                cpu_interpreter
                0x0000000040117a21                cpu_mmu_get_pte
                0x0000000040118215                write_linearaddr_ok_b
                0x000000004011823b                write_linearaddr_ok_w
                0x000000004011824a                write_linearaddr_ok_l
                0x0000000040118259                write_linearaddr_b
                0x00000000401182cc                guestvirt_to_guestphys
                0x000000004011831e                write_linearaddr_w
                0x00000000401183c3                write_linearaddr_l
                0x0000000040118466                write_linearaddr_q
                0x0000000040118507                read_linearaddr_b
                0x0000000040118579                read_linearaddr_w
                0x0000000040118617                read_linearaddr_l
                0x00000000401186b5                read_linearaddr_q
                0x0000000040118753                read_linearaddr_tss
                0x00000000401187f9                write_linearaddr_tss
                0x000000004011ca70                cpu_mmu_spt_tlbflush
                0x000000004011caaf                cpu_mmu_spt_updatecr3
                0x000000004011ccc1                cpu_mmu_spt_invalidate
                0x000000004011cd4c                cpu_mmu_spt_pagefault
                0x000000004011cf39                cpu_mmu_spt_map_1mb
                0x000000004011d0ed                cpu_mmu_spt_clear_all
                0x000000004011d23b                cpu_mmu_spt_init
                0x000000004011d7ed                cpu_seg_read_b
                0x000000004011d861                cpu_seg_read_w
                0x000000004011d8d5                cpu_seg_read_l
                0x000000004011d949                cpu_seg_read_q
                0x000000004011d9bd                cpu_seg_write_b
                0x000000004011da32                cpu_seg_write_w
                0x000000004011daa7                cpu_seg_write_l
                0x000000004011db1b                cpu_seg_write_q
                0x000000004011db8f                cpu_stack_get
                0x000000004011dbff                cpu_stack_set
                0x000000004011dc92                cpu_stack_push
                0x000000004011dd3b                cpu_stack_pop
                0x000000004011de1a                call_cpuid
                0x000000004011e36f                debug_gdb
                0x000000004011e374                debug_iohook
                0x000000004011e379                debug_msgregister
                0x000000004011e3e7                debug_msgunregister
                0x000000004011e440                debug_shell
                0x000000004011e4db                exint_pass_intr_call
                0x000000004011e55a                exint_pass_intr_alloc
                0x000000004011e5a6                exint_pass_intr_free
                0x000000004011e5c8                exint_pass_intr_register_callback
                0x000000004011e621                read_gphys_b
                0x000000004011e697                write_gphys_b
                0x000000004011e71e                read_gphys_w
                0x000000004011e7bf                write_gphys_w
                0x000000004011e874                read_gphys_l
                0x000000004011e915                write_gphys_l
                0x000000004011e9cf                read_gphys_q
                0x000000004011ea70                write_gphys_q
                0x000000004011eb25                cmpxchg_gphys_l
                0x000000004011ebe7                cmpxchg_gphys_q
                0x000000004011eca9                gmm_pass_getforcemap
                0x000000004011ecc1                gmm_pass_gp2hp
                0x000000004011ed42                gmm_pass_gp2hp_2m
                0x000000004011f131                call_initfunc
                0x000000004011f190                initfunc_init
                0x0000000040120d0e                int_fatal
                0x0000000040120fc9                callfunc_and_getint
                0x0000000040120fe1                do_externalint_enable
                0x0000000040120ffa                set_int_handler
                0x000000004012101d                int_exceptionHandler
                0x000000004012102c                int_init_ap
                0x000000004012105a                do_io_nothing
                0x000000004012109e                set_iofunc
                0x000000004012112f                call_io
                0x0000000040121159                do_iopass_default
                0x00000000401213ee                keyboard_reset
                0x0000000040121449                setkbdled
                0x00000000401214aa                keyboard_flush
                0x00000000401214cc                load_bootsector
                0x0000000040121862                copy_bootsector
                0x0000000040121c72                localapic_wait_for_sipi
                0x0000000040121d5f                localapic_change_base_msr
                0x0000000040121de9                localapic_mmio_register
                0x0000000040121e55                localapic_delayed_ap_start
                0x0000000040121e61                localapic_x2apic_icr
                0x0000000040122a0a                resume_vm
                0x0000000040122ad1                vmm_main
                0x000000004012377b                getsysmemmap
                0x00000000401237f7                getfakesysmemmap
                0x000000004012387b                alloc_uppermem
                0x00000000401238ba                phys_to_virt
                0x00000000401238cf                virt_to_phys
                0x00000000401238e2                vmm_start_inf
                0x00000000401238ed                vmm_term_inf
                0x00000000401238fd                num_of_available_pages
                0x0000000040123996                mm_get_panicmem
                0x00000000401239d1                mm_free_panicmem
                0x0000000040123a1b                alloc_pages
                0x0000000040123c8a                alloc_page
                0x0000000040123c9e                alloc
                0x0000000040123eef                alloc2
                0x0000000040123f2d                free
                0x00000000401241a3                realloc
                0x0000000040124445                free_page
                0x000000004012445c                free_page_phys
                0x0000000040124483                free_pages_range
                0x0000000040124516                mempool_new
                0x0000000040124585                mempool_free
                0x0000000040124659                mempool_allocmem
                0x0000000040124841                mempool_freemem
                0x0000000040124ac8                sym_to_phys
                0x0000000040124adb                phys_in_vmm
                0x0000000040124b01                mm_force_unlock
                0x0000000040124b31                mm_process_alloc
                0x0000000040124b7a                mm_process_free
                0x0000000040124b89                pmap_open_vmm
                0x0000000040124bb3                pmap_open_guest
                0x0000000040124bfb                pmap_close
                0x0000000040124c00                pmap_getreadlevel
                0x0000000040124c0b                pmap_setlevel
                0x0000000040124c16                pmap_seek
                0x0000000040124c60                pmap_read
                0x0000000040124f04                pmap_write
                0x00000000401250e1                mm_process_unmap
                0x00000000401251c1                mm_process_unmap_stack
                0x0000000040125386                mm_process_unmapall
                0x0000000040125436                mm_process_switch
                0x00000000401255fd                pmap_pointer
                0x000000004012566e                pmap_clear
                0x00000000401257b8                pmap_autoalloc
                0x000000004012593f                mm_process_map_alloc
                0x0000000040125a2e                mm_process_map_shared_physpage
                0x0000000040125a9c                mm_process_map_shared
                0x0000000040125d4a                mm_process_map_stack
                0x0000000040126900                pmap_dump
                0x0000000040126a1b                mm_as_translate
                0x0000000040126aae                mm_as_msi_to_icr
                0x0000000040126add                unmapmem
                0x00000000401271cc                mapmem_hphys
                0x00000000401271e7                alloc_realmodemem
                0x0000000040127448                read_hphys_b
                0x00000000401274a3                write_hphys_b
                0x00000000401274d8                read_hphys_w
                0x0000000040127512                write_hphys_w
                0x0000000040127548                read_hphys_l
                0x0000000040127580                write_hphys_l
                0x00000000401275b5                read_hphys_q
                0x00000000401275ef                write_hphys_q
                0x0000000040127626                cmpxchg_hphys_l
                0x000000004012766b                cmpxchg_hphys_q
                0x00000000401276b2                mapmem_as
                0x00000000401276cb                mm_flush_wb_cache
                0x0000000040127c38                mmio_access_memory
                0x0000000040127f11                mmio_access_page
                0x0000000040127fde                mmio_register
                0x0000000040127ff3                mmio_register_unlocked
                0x0000000040128008                mmio_unregister
                0x00000000401280c8                mmio_lock
                0x0000000040128104                mmio_unlock
                0x0000000040128214                mmio_range
                0x0000000040128394                msg_findname
                0x000000004012840a                msg_register
                0x00000000401284ff                msg_unregister
                0x0000000040128580                msg_unregisterall
                0x0000000040128600                msg_unregister2
                0x00000000401286ca                call_read_msr
                0x00000000401286e2                call_write_msr
                0x0000000040129398                msr_pass_hook_x2apic_icr
                0x000000004012947e                load_minios
                0x000000004012976d                backtrace
                0x000000004012a526                panic
                0x000000004012a5c8                auto_reboot
                0x000000004012a5e9                panic_test
                0x000000004012a62b                pcpu_list_foreach
                0x000000004012a66e                pcpu_list_add
                0x000000004012a6c1                pcpu_init
                0x000000004012b252                vprintf
                0x000000004012b291                printf
                0x000000004012b2d3                vsnprintf
                0x000000004012b31a                snprintf
                0x000000004012b3cf                sys_msgret
                0x000000004012b3e8                sys_msgunregister
                0x000000004012b548                sys_msgclose
                0x000000004012b76c                sys_msgsetfunc
                0x000000004012b9eb                sys_msgregister
                0x000000004012c27c                sys_msgsendint
                0x000000004012c57d                sys_msgsenddesc
                0x000000004012c5bc                sys_exitprocess
                0x000000004012c974                sys_newprocess
                0x000000004012c9de                sys_msgsendbuf
                0x000000004012cb1a                sys_msgopen
                0x000000004012cb94                processbin_add
                0x000000004012d1d8                process_kill
                0x000000004012d23d                own_process64_msrs
                0x000000004012d2a9                msgsetfunc
                0x000000004012d2c2                msgregister
                0x000000004012d2dc                msgopen
                0x000000004012d2f3                msgclose
                0x000000004012d309                msgsendint
                0x000000004012d321                msgsenddesc
                0x000000004012d339                newprocess
                0x000000004012d350                msgsendbuf
                0x000000004012d36e                msgunregister
                0x000000004012d3a2                exitprocess
                0x000000004012d3b9                msgpremapbuf
                0x000000004012d536                process_syscall
                0x000000004012d5e2                putchar
                0x000000004012d624                putchar_set_func
                0x000000004012d96b                do_panic_reboot
                0x000000004012d9f8                handle_init_to_bsp
                0x000000004012da72                reboot_test
                0x000000004012daa3                savemsr_save
                0x000000004012db1a                savemsr_load
                0x000000004012df45                get_seg_base
                0x000000004012dff7                get_seg_access_rights
                0x000000004012e016                segment_wakeup
                0x000000004012e063                make_segment_gs_accessible
                0x000000004012e0c3                segment_init_ap
                0x000000004012e2fc                serial_putDebugChar
                0x000000004012e312                serial_getDebugChar
                0x000000004012e32b                serial_putchar
                0x000000004012e399                serial_init_iohook
                0x000000004012e3e1                waitcycles
                0x000000004012e3fa                usleep
                0x000000004012e50c                sleep_set_timer_counter
                0x000000004012e541                strtol
                0x000000004012e6d4                svm_exint_assert
                0x000000004012e77c                svm_exint_pass
                0x000000004012e7ac                svm_generate_external_int
                0x000000004012e7d2                vmctl_svm_init
                0x000000004012e826                message_exitcode
                0x000000004012eba3                printexitcode
                0x000000004012ebd3                svm_available
                0x000000004012ec84                svm_reset
                0x000000004012ef8a                svm_vminit
                0x000000004012f27b                svm_vmexit
                0x000000004012f280                svm_init
                0x000000004012f38d                svm_enable_resume
                0x000000004012f441                svm_resume
                0x000000004012f552                svm_ioio
                0x000000004012f64b                svm_iopass
                0x000000004012f92f                svm_init_signal
                0x000000004012f95c                svm_start_vm
                0x0000000040130ac5                svm_msr_update_lma
                0x0000000040130b38                svm_read_msr
                0x0000000040130dbc                svm_write_msr
                0x0000000040131036                svm_msrpass
                0x00000000401317f5                svm_np_init
                0x00000000401318e9                svm_np_pagefault
                0x0000000040131985                svm_np_tlbflush
                0x000000004013198a                svm_np_updatecr3
                0x0000000040131999                svm_np_clear_all
                0x0000000040131a02                svm_np_map_1mb
                0x0000000040131a6a                svm_paging_map_1mb
                0x0000000040131a92                svm_paging_flush_guest_tlb
                0x0000000040131acf                svm_paging_init
                0x0000000040131bfb                svm_paging_pagefault
                0x0000000040131c2b                svm_paging_tlbflush
                0x0000000040131c53                svm_paging_invalidate
                0x0000000040131c83                svm_paging_npf
                0x0000000040131cb3                svm_paging_updatecr3
                0x0000000040131cdb                svm_paging_spt_setcr3
                0x0000000040131d13                svm_paging_clear_all
                0x0000000040131d3b                svm_paging_get_gpat
                0x0000000040131d4a                svm_paging_set_gpat
                0x0000000040131d8f                svm_paging_apply_fixed_cr0
                0x0000000040131db3                svm_paging_apply_fixed_cr4
                0x0000000040131dd3                svm_paging_pg_change
                0x0000000040131dd8                svm_paging_start
                0x0000000040131de7                svm_panic_dump
                0x0000000040131eb3                svm_read_general_reg
                0x0000000040131feb                svm_write_general_reg
                0x00000000401320fc                svm_read_control_reg
                0x000000004013217e                svm_write_control_reg
                0x0000000040132250                svm_read_sreg_sel
                0x000000004013230c                svm_read_sreg_acr
                0x0000000040132450                svm_read_sreg_base
                0x0000000040132558                svm_read_sreg_limit
                0x000000004013262e                svm_read_ip
                0x000000004013264c                svm_write_ip
                0x0000000040132671                svm_read_flags
                0x000000004013268f                svm_write_flags
                0x00000000401326aa                svm_read_gdtr
                0x00000000401326e0                svm_write_gdtr
                0x0000000040132708                svm_read_idtr
                0x000000004013273e                svm_write_idtr
                0x0000000040132766                svm_write_realmode_seg
                0x00000000401328a6                svm_writing_sreg
                0x000000004013298e                int1a_TCG_StatusCheck
                0x0000000040132a5b                int1a_TCG_HashLogExtendEvent
                0x0000000040132aea                int1a_TCG_PassThroughToTPM
                0x0000000040132b79                int1a_TCG_HashLogEvent
                0x0000000040132c02                int1a_TCG_HashAll
                0x0000000040132cc6                int1a_TCG_TSS
                0x0000000040132d55                int1a_TCG_CompactHashLogExtendEvent
                0x0000000040132dba                tcg_measure
                0x00000000401330e8                thread_gettid
                0x00000000401330fc                schedule
                0x00000000401333cb                thread_new
                0x000000004013352b                thread_wakeup
                0x0000000040133614                thread_will_stop
                0x000000004013368a                thread_exit
                0x0000000040133729                thread_start1
                0x000000004013398c                get_cpu_time
                0x0000000040133ab5                get_acpi_time
                0x0000000040133b55                get_time
                0x0000000040133d38                timer_new
                0x0000000040133db7                timer_set
                0x0000000040133ed6                timer_free
                0x00000000401343a5                tty_putchar
                0x00000000401345f4                ttylog_stop
                0x0000000040134603                tty_udp_register
                0x000000004013464b                tty_get_logbuf_info
                0x000000004013468b                ttylog_copy_to_panicmem
                0x000000004013469f                ttylog_copy_from_panicmem
                0x00000000401346b3                tty_init_iohook
                0x00000000401346dd                vcpu_list_foreach
                0x0000000040134720                load_new_vcpu
                0x00000000401347dc                vga_register
                0x0000000040134854                vga_is_ready
                0x00000000401348b7                vga_transfer_image
                0x0000000040134905                vga_fill_rect
                0x000000004013494c                vga_get_screen_size
                0x0000000040134a75                vmmcall
                0x0000000040134ad0                vmmcall_register
                0x0000000040134b11                vmmcall_init
                0x0000000040134fe3                vmmcall_boot_continue
                0x0000000040135034                vmmcall_boot_enable
                0x0000000040135503                register_status_callback
                0x0000000040135610                vramwrite_clearscreen
                0x000000004013567e                vramwrite_putchar
                0x000000004013586a                vramwrite_mark1
                0x00000000401358b4                vramwrite_mark2
                0x00000000401358fd                vramwrite_mark3
                0x0000000040135946                vramwrite_save_and_move_cursor
                0x000000004013597f                vramwrite_restore_cursor
                0x0000000040135995                vramwrite_get_cursor_pos
                0x00000000401359f1                vramwrite_init_global
                0x00000000401359fd                vramwrite_exit_global
                0x0000000040135a0d                vt_exint_assert
                0x0000000040135a70                vt_generate_pagefault
                0x0000000040135af5                vmctl_vt_init
                0x0000000040135b49                vt_generate_external_int
                0x0000000040135b97                vt_update_exint
                0x0000000040135c15                vt_exint_pass
                0x0000000040135c32                vt_vmptrld
                0x000000004013627c                vt_ept_init
                0x000000004013636e                vt_ept_violation
                0x000000004013640a                vt_ept_tlbflush
                0x000000004013640f                vt_ept_updatecr3
                0x00000000401364c5                vt_ept_clear_all
                0x000000004013652e                vt_ept_map_1mb
                0x0000000040136596                message_exitreason
                0x000000004013670d                printexitreason
                0x0000000040137596                vt_available
                0x0000000040137632                vt__vmx_init
                0x000000004013767e                vt__vmxon
                0x0000000040137733                vt_vminit
                0x0000000040137793                vt_vmexit
                0x00000000401377b1                vt_init
                0x00000000401377fa                vt_enable_resume
                0x00000000401378e2                vt_resume
                0x00000000401379d2                vt_io
                0x0000000040137aff                vt_iopass
                0x0000000040138ad2                vt_update_exception_bmp
                0x00000000401391ad                vt_init_signal
                0x00000000401391fd                vt_start_vm
                0x000000004013979a                vt_msr_load_process64_msrs
                0x0000000040139850                vt_msr_own_process_msrs
                0x000000004013987f                vt_add_guest_msr
                0x00000000401399d3                vt_read_guest_msr
                0x0000000040139a39                vt_write_guest_msr
                0x0000000040139a99                vt_msr_update_lma
                0x0000000040139b39                vt_read_msr
                0x0000000040139e36                vt_write_msr
                0x000000004013a0d3                vt_msrpass
                0x000000004013a26f                vt_msr_init
                0x000000004013a3ba                vt_paging_map_1mb
                0x000000004013a3d9                vt_paging_flush_guest_tlb
                0x000000004013a43d                vt_paging_pagefault
                0x000000004013a476                vt_paging_tlbflush
                0x000000004013a495                vt_paging_invalidate
                0x000000004013a4cb                vt_paging_npf
                0x000000004013a502                vt_paging_updatecr3
                0x000000004013a526                vt_paging_spt_setcr3
                0x000000004013a55c                vt_paging_clear_all
                0x000000004013a595                vt_paging_get_gpat
                0x000000004013a5a4                vt_paging_set_gpat
                0x000000004013a5ee                vt_paging_apply_fixed_cr0
                0x000000004013a665                vt_paging_apply_fixed_cr4
                0x000000004013a6b9                vt_paging_pg_change
                0x000000004013a96c                vt_paging_init
                0x000000004013a9f6                vt_paging_start
                0x000000004013aa20                vt_panic_dump
                0x000000004013ac0d                vt_read_general_reg
                0x000000004013ad36                vt_write_general_reg
                0x000000004013ae2f                vt_read_control_reg
                0x000000004013aef0                vt_read_sreg_sel
                0x000000004013b003                vt_read_sreg_acr
                0x000000004013b0b7                vt_read_sreg_base
                0x000000004013b17c                vt_read_sreg_limit
                0x000000004013b23c                vt_read_ip
                0x000000004013b24c                vt_write_ip
                0x000000004013b26b                vt_read_flags
                0x000000004013b293                vt_write_flags
                0x000000004013b2b8                vt_read_gdtr
                0x000000004013b2d3                vt_write_gdtr
                0x000000004013b2e8                vt_read_idtr
                0x000000004013b331                vt_write_idtr
                0x000000004013b366                vt_write_control_reg
                0x000000004013b922                vt_get_current_regs_in_vmcs
                0x000000004013bbc5                vt_get_vmcs_regs_in_vmcs
                0x000000004013be00                vt_write_realmode_seg
                0x000000004013bf48                vt_writing_sreg
                0x000000004013bfd5                vt_reset
                0x000000004013c3ff                prepare_for_sleep
                0x000000004013c4d0                cancel_sleep
                0x000000004013c4f6                wakeup_main
                0x000000004013c582                wakeup_cont
                0x000000004013c6c6                wakeup_init
                0x000000004013c716                call_xsetbv
                0x000000004013c830                mpumul_64_64
                0x000000004013c850                mpudiv_128_32
                0x000000004013c870                ipchecksum
                0x000000004013c900                crc32
                0x000000004013c910                asm_vmlaunch_regs_64
                0x000000004013ca40                asm_vmresume_regs_64
                0x000000004013cb70                asm_vmrun_regs_64
                0x000000004013cc40                asm_vmrun_regs_nested_64
                0x000000004013cd18                callrealmode_start
                0x000000004013cd2e                callrealmode_start2
                0x000000004013d1ba                move_vmm_area32
                0x000000004013d1ba                callrealmode_end
                0x000000004013d1df                move_vmm_area64
                0x000000004013d208                int_handler
                0x000000004013d278                int_callfunc
                0x000000004013e000                syscall_entry_sysexit
                0x000000004013e02c                syscall_entry_lret
                0x000000004013e05c                ret_to_user32
                0x000000004013e068                syscall_entry_sysret64
                0x000000004013e0a8                ret_to_user64_sysret
                0x000000004013e0b8                syscall_entry_lret64
                0x000000004013e0f8                ret_to_user64
                0x000000004013f000                processuser_sysenter
                0x0000000040140000                processuser_no_sysenter
                0x0000000040141000                processuser_syscall
                0x0000000040142000                processuser_callgate64
                0x0000000040143180                memset
                0x0000000040143200                memcpy
                0x0000000040143240                strcmp
                0x0000000040143280                memcmp
                0x00000000401432c0                strlen
                0x0000000040143300                strncmp
                0x0000000040143320                sx_handler
                0x0000000040143380                thread_switch
                0x00000000401433a0                thread_start0
                0x0000000040143422                uefiutil_disconnect_pcidev_driver
                0x0000000040143462                uefiutil_netdev_get_mac_addr
                0x00000000401434bc                uefiutil_get_graphics_info
                0x00000000401435c4                uefi_param_ext_get_phys
                0x0000000040143668                nmi_handler
                0x00000000401436ce                nmi_get_count
                0x0000000040143701                nmi_inc_count
                0x0000000040143730                initipi_get_count
                0x0000000040143763                initipi_inc_count
                0x000000004014463e                vt_emul_vmxon
                0x0000000040144814                vt_emul_vmxon_in_vmx_root_mode
                0x000000004014489d                vt_shadow_vt_reset
                0x000000004014495e                vt_emul_vmxoff
                0x0000000040144983                vt_emul_vmclear
                0x0000000040144a6a                vt_emul_vmptrld
                0x0000000040144c9e                vt_emul_vmptrst
                0x0000000040144d21                vt_emul_invept
                0x0000000040144d9c                vt_emul_invvpid
                0x0000000040144e17                vt_emul_vmwrite
                0x0000000040144eb0                vt_emul_vmread
                0x0000000040144fad                vt_emul_vmlaunch
                0x0000000040144fc1                vt_emul_vmresume
                0x0000000040144ffa                mmioclr_register
                0x0000000040145075                mmioclr_unregister
                0x00000000401450c0                mmioclr_clear_hmap
                0x0000000040145133                mmioclr_clear_gmap
                0x00000000401451f7                get_init_task_stack
                0x0000000040145233                get_current_rsp_reg
                0x0000000040145275                get_current_gs_reg
                0x0000000040145295                get_current_cr3_reg
                0x00000000401452b5                get_current_fs_reg
                0x00000000401452d5                get_msr_gs_base
                0x00000000401452f5                find_task_from_cr3
                0x0000000040145300                enableSSE
                0x000000004014530d                core_init
                0x000000004014531d                alloc_handler_descriptor
                0x0000000040145331                core_io_modify_handler
                0x00000000401453f6                core_io_unregister_handler
                0x0000000040145480                core_io_handle_default
                0x000000004014572d                panic_oom
                0x0000000040145744                core_io_register_handler
                0x000000004014586d                matched_drhd_u
                0x00000000401458c6                parse_dmar_bios_report
                0x00000000401458d0                iommu_setup
                0x00000000401458d5                iodom_init
                0x0000000040145a5a                add_remap
                0x0000000040145a8e                create_dom
                0x0000000040145a98                pci_conceal_config_write
                0x0000000040145aa2                pci_conceal_config_read
                0x0000000040145bac                pci_conceal_new
                0x0000000040145fc5                pci_save_config_addr
                0x0000000040145ffc                pci_append_device
                0x000000004014602b                pci_dump_pci_dev_list
                0x0000000040146030                pci_find_driver_for_device
                0x000000004014603f                pci_find_driver_by_token
                0x000000004014609e                pci_find_virtual_driver_by_token
                0x00000000401460fd                pci_assign_virtual_device
                0x00000000401461ca                pci_config_addr_handler
                0x00000000401462e1                pci_set_bridge_callback
                0x00000000401463a0                pci_register_driver
                0x00000000401463ed                pci_register_virtual_driver
                0x000000004014643a                pci_register_intr_callback
                0x0000000040146454                pci_readwrite_config_mmio
                0x0000000040146517                pci_read_config_mmio
                0x000000004014653e                pci_write_config_mmio
                0x0000000040146565                pci_config_pmio_enter
                0x00000000401465c0                pci_config_pmio_leave
                0x000000004014662e                pci_readwrite_config_pmio
                0x00000000401466e5                pci_read_config_pmio
                0x000000004014670f                pci_write_config_pmio
                0x0000000040146739                pci_config_read
                0x00000000401467a1                pci_config_write
                0x0000000040146809                pci_handle_default_config_write
                0x000000004014692d                pci_handle_default_config_read
                0x0000000040147192                pci_config_data_handler
                0x0000000040147259                pci_config_mmio_handler
                0x00000000401472a5                pci_get_bar_info
                0x00000000401472bf                pci_set_bridge_io
                0x0000000040147604                pci_get_modifying_bar_info
                0x00000000401476cb                pci_driver_option_get_int
                0x0000000040147747                pci_driver_option_get_bool
                0x0000000040147828                pci_find_cap_offset
                0x00000000401478a7                pci_enable_device
                0x0000000040147914                pci_msi_set
                0x0000000040147a00                pci_msi_init
                0x0000000040147a9a                pci_msi_enable
                0x0000000040147ac9                pci_msi_disable
                0x0000000040147af8                pci_msi_to_ipi
                0x0000000040147b12                pci_register_msi_callback
                0x0000000040147bc3                pci_enable_msi_callback
                0x0000000040147bd9                pci_disable_msi_callback
                0x0000000040147be5                pci_print_device
                0x0000000040148112                pci_get_bridge_from_bus_no
                0x0000000040148154                pci_set_bridge_from_bus_no
                0x0000000040148614                pci_reconnect_device
                0x00000000401488f5                pci_possible_new_device
                0x00000000401489e1                pci_system_disconnect
                0x0000000040148ebb                pci_match
                0x000000004014965b                pci_match_add_compat
                0x0000000040149697                pci_match_find_driver
                0x00000000401496e8                pci_match_get_virtual_device
                0x000000004014a0ed                security_storage_check_lba
                0x000000004014a0f7                uhci_init
                0x000000004014aac9                uhci_current_frame_number
                0x000000004014aada                dump_td_byvirt
                0x000000004014ac7c                dump_td
                0x000000004014ad52                dump_qh
                0x000000004014af61                dump_frame
                0x000000004014b084                uhci_dump_all
                0x000000004014b2e3                uhci_error_status_string
                0x000000004014b8bf                uhci_shadow_buffer
                0x000000004014bb29                uhci_framelist_monitor
                0x000000004014d698                scan_gframelist
                0x000000004014ded9                uhci_create_urb
                0x000000004014dfbc                uhci_destroy_urb
                0x000000004014e0f8                uhci_destroy_unlinked_urbs
                0x000000004014e1d8                uhci_deactivate_urb
                0x000000004014e592                uhci_activate_urb
                0x000000004014eb53                uhci_reactivate_urb
                0x000000004014ebf6                uhci_submit_control
                0x000000004014f24f                uhci_submit_interrupt
                0x000000004014f2b7                uhci_submit_bulk
                0x000000004014f31f                uhci_check_urb_advance
                0x000000004014f35e                uhci_check_advance
                0x000000004014f568                init_hframelist
                0x000000004014f795                ehci_conceal_portroute
                0x000000004014f7b4                ehci_init
                0x0000000040150d48                ehci_shadow_buffer
                0x0000000040151024                get_gurb_by_address
                0x00000000401510b0                shadow_and_activate_urb
                0x0000000040151376                ehci_deactivate_urb
                0x0000000040151531                deactivate_and_delete_urb
                0x00000000401516fb                ehci_check_urb_advance
                0x00000000401517ba                ehci_check_advance
                0x0000000040151906                ehci_shadow_async_list
                0x00000000401519fa                ehci_cleanup_urbs
                0x0000000040151b72                ehci_end_monitor_async
                0x0000000040151be3                ehci_monitor_async_list
                0x00000000401521c9                ehci_submit_control
                0x00000000401526ae                ehci_submit_bulk
                0x00000000401526b8                ehci_submit_interrupt
                0x0000000040153dfb                usbmsc_init_handle
                0x0000000040153e45                SetBitmap
                0x0000000040153e64                ClearBitmap
                0x0000000040153e83                TestBitmap
                0x0000000040153ea3                reversebytes_uint32t
                0x0000000040153ecc                reversebytes_uint64t
                0x0000000040153ee1                mem_find_str
                0x0000000040153f91                parse_CBW
                0x0000000040153ffb                get_qtd_from_qtdm
                0x000000004015400f                my_log
                0x0000000040154064                _entropy_calc
                0x00000000401540f4                entropy_calc
                0x00000000401541da                buffer_byte_count
                0x000000004015420f                win_ransomtag_init
                0x000000004015422d                is_win_kernel_addr
                0x0000000040154245                win_read_virtaddr_data
                0x00000000401542b6                win_container_of
                0x00000000401542c1                win_get_KPCR
                0x00000000401542dc                win_get_KPRCB
                0x0000000040154305                win_get_cr3
                0x0000000040154320                win_get_CurrentThread
                0x0000000040154349                win_get_CurrentProcessInfo
                0x0000000040154495                win_print_process_info
                0x0000000040154544                traverse_excluded_process_list
                0x0000000040154593                traverse_entropy_excluded_process_list
                0x00000000401545e2                win_get_FileObjectInfo
                0x0000000040154633                win_is_MFT_or_Bitmap
                0x000000004015468f                win_get_IrpInfo
                0x000000004015484d                traverse_IrpList
                0x0000000040154965                win_print_irp_info
                0x0000000040154b2c                win_AddToSectorPageMap
                0x0000000040154b60                win_load_bitmap
                0x0000000040154b8d                win_AddToBitmap
                0x0000000040154bdd                win_CheckBitmap
                0x0000000040154d51                win_AddTag
                0x0000000040154d7a                win_SearchSectorMap
                0x0000000040154dec                win_traverse_process_blacklist
                0x0000000040154e38                win_add_to_process_blacklist
                0x0000000040154f0a                win_add_to_high_entropylist
                0x0000000040155017                win_traverse_high_entropylist
                0x0000000040155063                win_traverse_patternlist
                0x000000004015512f                win_add_to_patternlist
                0x000000004015546b                win_del_from_patternlist
                0x00000000401554f2                win_Handle_Recovery
                0x0000000040155646                ParseMFT
                0x0000000040155914                win_ransomtag_storage_handle_sectors
                0x0000000040155a59                win_DetermineTag
                0x0000000040155ad9                win_analyse
                0x0000000040155df6                usbhub_init_handle
                0x0000000040155e65                hub_portdevice_register
                0x00000000401560bf                usb_set_debug
                0x00000000401560ca                usb_init
                0x00000000401560cf                usb_find_busses
                0x00000000401561bd                usb_get_busses
                0x00000000401561c9                usb_get_bus
                0x00000000401561e8                usb_find_devices
                0x0000000040156237                usb_open
                0x0000000040156284                usb_close
                0x0000000040156298                usb_resetep
                0x00000000401562a2                usb_clear_halt
                0x00000000401562ac                usb_reset
                0x00000000401562b6                usb_claim_interface
                0x00000000401562c3                usb_release_interface
                0x00000000401562d4                usb_set_configuration
                0x0000000040156306                usb_set_altinterface
                0x000000004015633a                usb_control_msg
                0x0000000040156367                usb_get_string
                0x000000004015639d                usb_get_string_simple
                0x00000000401564ba                usb_get_descriptor
                0x00000000401564f4                usb_get_descriptor_early
                0x000000004015652c                usb_get_descriptor_by_endpoint
                0x0000000040156562                usb_bulk_write
                0x0000000040156739                usb_interrupt_write
                0x0000000040156910                usb_bulk_read
                0x0000000040156b77                usb_interrupt_read
                0x0000000040156dde                usb_register_host
                0x0000000040156ef2                usb_unregister_devices
                0x0000000040156f26                usb_sc_lock
                0x0000000040156fa2                usb_sc_unlock
                0x00000000401571e7                free_config_descriptors
                0x00000000401577a0                free_device
                0x0000000040157ff4                handle_connect_status
                0x0000000040158081                handle_port_reset
                0x0000000040158110                dprintf_port
                0x0000000040158115                usb_init_device_monitor
                0x0000000040158175                usb_init_device
                0x00000000401581dd                usb_new_dev_handle
                0x0000000040158287                usbhid_init_handle
                0x0000000040158345                usb_hook_register_ex
                0x0000000040158474                usb_hook_register
                0x00000000401584a6                usb_hook_unregister
                0x000000004015852f                usb_hook_process
                0x0000000040158932                _dprintf
                0x0000000040158982                _dprintft
                0x0000000040158a42                storage_premap_buf
                0x0000000040158a4c                storage_premap_handle_sectors
                0x0000000040158cf9                storage_handle_sectors
                0x0000000040158efd                storage_new
                0x00000000401593de                storage_free
                0x00000000401593ed                storage_init
                0x0000000040159615                aes_xts_init
                0x000000004015964c                crypto_find
                0x000000004015969f                crypto_register
                0x00000000401596f4                crypto_init
                0x000000004015974d                crypto_none_init
                0x0000000040159a92                storage_get_num_hc
                0x0000000040159ac3                storage_hc_open
                0x0000000040159b9c                storage_hc_close
                0x0000000040159bea                storage_hc_hook_register
                0x0000000040159c65                storage_hc_hook_unregister
                0x0000000040159d05                storage_hc_register
                0x0000000040159ebb                storage_hc_unregister
                0x0000000040159fc7                storage_hc_scandev
                0x000000004015a00e                storage_hc_dev_open
                0x000000004015a148                storage_hc_dev_atacommand
                0x000000004015a2e7                storage_hc_dev_close
                0x000000004015a3b3                storage_io_init
                0x000000004015a3c7                storage_io_deinit
                0x000000004015a3d6                storage_io_get_num_devices
                0x000000004015a49a                storage_io_aget_size
                0x000000004015a5c5                storage_io_aread
                0x000000004015a79f                storage_io_awrite
                0x000000004015adc0                net_register
                0x000000004015ae3e                net_new_nic
                0x000000004015af0d                net_init
                0x000000004015af53                net_start
                0x000000004015afa2                net_premap_recvbuf
                0x000000004015afc4                AES_set_encrypt_key
                0x000000004015b3fa                AES_set_decrypt_key
                0x000000004015b621                AES_encrypt
                0x000000004015bae8                AES_decrypt
                0x000000004015bf72                chelp_snprintf
                0x000000004015bfb3                chelp_sprintf
                0x000000004015bffe                chelp_print
                0x000000004015c01a                chelp_printf
                0x000000004015c086                chelp_mod_64_32_32
                0x000000004015c09a                chelp_div_64_32_32
                0x000000004015c0ac                chelp_div_64_32_64
                0x000000004015c0be                chelp_mul_64_64_64
                0x000000004015c0ca                BIO_printf
                0x000000004015c10b                BIO_snprintf
                0x000000004015c145                chelp_abort
                0x000000004015c15c                RAND_poll
                0x000000004015c17f                InitCryptoLibrary
                0x000000004015c1f6                chelp_malloc
                0x000000004015c211                chelp_realloc
                0x000000004015c235                chelp_free
                0x000000004015c24a                chelp_swap
                0x000000004015c27b                chelp_qsort
                0x000000004015c5c9                chelp_bsearch
                0x000000004015c69d                chelp_memchr
                0x000000004015c6d4                chelp_memmove
                0x000000004015c74d                chelp_memcmp
                0x000000004015c79a                chelp_memcpy
                0x000000004015c7cd                chelp_memset
                0x000000004015c7f4                chelp_isupper
                0x000000004015c806                chelp_islower
                0x000000004015c818                chelp_toupper
                0x000000004015c823                chelp_tolower
                0x000000004015c82e                chelp_isspace
                0x000000004015c848                chelp_isdigit
                0x000000004015c85a                chelp_isxdigit
                0x000000004015c87c                chelp_isalpha
                0x000000004015c891                chelp_isalnum
                0x000000004015c8b6                chelp_strtoul_ex
                0x000000004015ca71                chelp_strtol
                0x000000004015ca85                chelp_strtoul
                0x000000004015ca99                chelp_strcpy
                0x000000004015cac5                chelp_strncpy
                0x000000004015cb1a                chelp_strcat
                0x000000004015cb5f                chelp_strcmp
                0x000000004015cbbb                chelp_strncmp
                0x000000004015cca6                chelp_stricmp
                0x000000004015cce4                chelp_strchr
                0x000000004015cd11                chelp_strrchr
                0x000000004015cd3c                chelp_strlen
                0x000000004015cd76                chelp_strncasecmp
                0x000000004015cdc4                decryptcfg
                0x000000004015ce45                AES_cbc_encrypt
                0x000000004015ce6c                OpenSSL_add_all_ciphers
                0x000000004015d30d                OpenSSL_add_all_digests
                0x000000004015e101                EVP_aes_128_cbc
                0x000000004015e10b                EVP_aes_128_cfb128
                0x000000004015e115                EVP_aes_128_ofb
                0x000000004015e11f                EVP_aes_128_ecb
                0x000000004015e129                EVP_aes_192_cbc
                0x000000004015e133                EVP_aes_192_cfb128
                0x000000004015e13d                EVP_aes_192_ofb
                0x000000004015e147                EVP_aes_192_ecb
                0x000000004015e151                EVP_aes_256_cbc
                0x000000004015e15b                EVP_aes_256_cfb128
                0x000000004015e165                EVP_aes_256_ofb
                0x000000004015e16f                EVP_aes_256_ecb
                0x000000004015e179                EVP_aes_128_cfb1
                0x000000004015e183                EVP_aes_192_cfb1
                0x000000004015e18d                EVP_aes_256_cfb1
                0x000000004015e197                EVP_aes_128_cfb8
                0x000000004015e1a1                EVP_aes_192_cfb8
                0x000000004015e1ab                EVP_aes_256_cfb8
                0x000000004015e4ae                EVP_bf_cbc
                0x000000004015e4b8                EVP_bf_cfb64
                0x000000004015e4c2                EVP_bf_ofb
                0x000000004015e4cc                EVP_bf_ecb
                0x000000004015e7cf                EVP_cast5_cbc
                0x000000004015e7d9                EVP_cast5_cfb64
                0x000000004015e7e3                EVP_cast5_ofb
                0x000000004015e7ed                EVP_cast5_ecb
                0x000000004015edb5                EVP_des_cbc
                0x000000004015edbf                EVP_des_cfb64
                0x000000004015edc9                EVP_des_ofb
                0x000000004015edd3                EVP_des_ecb
                0x000000004015eddd                EVP_des_cfb1
                0x000000004015ede7                EVP_des_cfb8
                0x000000004015f470                EVP_des_ede_cbc
                0x000000004015f47a                EVP_des_ede_cfb64
                0x000000004015f484                EVP_des_ede_ofb
                0x000000004015f48e                EVP_des_ede_ecb
                0x000000004015f498                EVP_des_ede3_cbc
                0x000000004015f4a2                EVP_des_ede3_cfb64
                0x000000004015f4ac                EVP_des_ede3_ofb
                0x000000004015f4b6                EVP_des_ede3_ecb
                0x000000004015f4c0                EVP_des_ede3_cfb1
                0x000000004015f4ca                EVP_des_ede3_cfb8
                0x000000004015f4d4                EVP_des_ede
                0x000000004015f4de                EVP_des_ede3
                0x000000004015f83b                EVP_idea_cbc
                0x000000004015f845                EVP_idea_cfb64
                0x000000004015f84f                EVP_idea_ofb
                0x000000004015f859                EVP_idea_ecb
                0x000000004015fd98                EVP_rc2_cbc
                0x000000004015fda2                EVP_rc2_cfb64
                0x000000004015fdac                EVP_rc2_ofb
                0x000000004015fdb6                EVP_rc2_ecb
                0x000000004015fdc0                EVP_rc2_64_cbc
                0x000000004015fdca                EVP_rc2_40_cbc
                0x000000004015fe23                EVP_rc4
                0x000000004015fe2d                EVP_rc4_40
                0x000000004015ff98                EVP_desx_cbc
                0x000000004015ffa2                DES_ecb3_encrypt
                0x0000000040160079                DES_options
                0x00000000401600d8                DES_ecb_encrypt
                0x000000004016087c                ERR_get_implementation
                0x0000000040160892                ERR_set_implementation
                0x00000000401608f9                ERR_load_ERR_strings
                0x0000000040160a28                ERR_load_strings
                0x0000000040160a4c                ERR_unload_strings
                0x0000000040160aa7                ERR_free_strings
                0x0000000040160ac0                ERR_get_string_table
                0x0000000040160add                ERR_get_err_state_table
                0x0000000040160afb                ERR_release_err_state_table
                0x0000000040160b23                ERR_lib_error_string
                0x0000000040160b63                ERR_func_error_string
                0x0000000040160bae                ERR_reason_error_string
                0x0000000040160c19                ERR_error_string_n
                0x0000000040160dd1                ERR_error_string
                0x0000000040160e03                ERR_remove_thread_state
                0x0000000040160e4c                ERR_remove_state
                0x0000000040160e60                ERR_get_state
                0x0000000040160f7b                ERR_put_error
                0x0000000040161082                ERR_clear_error
                0x000000004016130b                ERR_get_error
                0x000000004016133a                ERR_get_error_line
                0x0000000040161365                ERR_get_error_line_data
                0x000000004016138a                ERR_peek_error
                0x00000000401613b9                ERR_peek_error_line
                0x00000000401613e4                ERR_peek_error_line_data
                0x0000000040161409                ERR_peek_last_error
                0x0000000040161438                ERR_peek_last_error_line
                0x0000000040161463                ERR_peek_last_error_line_data
                0x0000000040161488                ERR_get_next_error_library
                0x00000000401614a1                ERR_set_error_data
                0x000000004016150c                ERR_add_error_data
                0x000000004016163d                ERR_set_mark
                0x000000004016166e                ERR_pop_to_mark
                0x0000000040161741                ERR_load_crypto_strings
                0x00000000401617d2                ASN1_TYPE_set_octetstring
                0x0000000040161833                ASN1_TYPE_get_octetstring
                0x0000000040161892                ASN1_TYPE_set_int_octetstring
                0x00000000401619b9                ASN1_TYPE_get_int_octetstring
                0x0000000040161b89                EVP_CIPHER_CTX_init
                0x0000000040161ba2                EVP_CIPHER_CTX_new
                0x0000000040161bdc                EVP_EncryptUpdate
                0x0000000040161d95                EVP_EncryptFinal_ex
                0x0000000040161e77                EVP_EncryptFinal
                0x0000000040161e86                EVP_DecryptUpdate
                0x0000000040161fc1                EVP_CipherUpdate
                0x0000000040161fdd                EVP_DecryptFinal_ex
                0x0000000040162186                EVP_CipherFinal_ex
                0x00000000401621a2                EVP_DecryptFinal
                0x00000000401621b1                EVP_CipherFinal
                0x00000000401621cd                EVP_CIPHER_CTX_cleanup
                0x0000000040162234                EVP_CIPHER_CTX_free
                0x000000004016225d                EVP_CIPHER_CTX_set_padding
                0x000000004016227f                EVP_CIPHER_CTX_ctrl
                0x0000000040162313                EVP_CipherInit_ex
                0x0000000040162595                EVP_CipherInit
                0x00000000401625eb                EVP_EncryptInit
                0x0000000040162600                EVP_DecryptInit
                0x0000000040162615                EVP_EncryptInit_ex
                0x000000004016262a                EVP_DecryptInit_ex
                0x000000004016263f                EVP_CIPHER_CTX_set_key_length
                0x00000000401626a4                EVP_CIPHER_CTX_rand_key
                0x00000000401626de                EVP_CIPHER_CTX_copy
                0x00000000401627c6                ERR_load_EVP_strings
                0x0000000040162801                EVP_CIPHER_param_to_asn1
                0x000000004016281f                EVP_CIPHER_asn1_to_param
                0x000000004016283d                EVP_CIPHER_get_asn1_iv
                0x00000000401628ca                EVP_CIPHER_set_asn1_iv
                0x0000000040162929                EVP_CIPHER_type
                0x0000000040162a5d                EVP_CIPHER_block_size
                0x0000000040162a65                EVP_CIPHER_CTX_block_size
                0x0000000040162a70                EVP_Cipher
                0x0000000040162a82                EVP_CIPHER_CTX_cipher
                0x0000000040162a8a                EVP_CIPHER_flags
                0x0000000040162a93                EVP_CIPHER_CTX_flags
                0x0000000040162a9f                EVP_CIPHER_CTX_get_app_data
                0x0000000040162aa8                EVP_CIPHER_CTX_set_app_data
                0x0000000040162ab1                EVP_CIPHER_iv_length
                0x0000000040162ab9                EVP_CIPHER_CTX_iv_length
                0x0000000040162ac4                EVP_CIPHER_key_length
                0x0000000040162acc                EVP_CIPHER_CTX_key_length
                0x0000000040162ad4                EVP_CIPHER_nid
                0x0000000040162adb                EVP_CIPHER_CTX_nid
                0x0000000040162ae5                EVP_MD_block_size
                0x0000000040162aed                EVP_MD_type
                0x0000000040162af4                EVP_MD_pkey_type
                0x0000000040162afc                EVP_MD_size
                0x0000000040162b33                EVP_MD_flags
                0x0000000040162b3c                EVP_MD_CTX_md
                0x0000000040162b4d                EVP_MD_CTX_set_flags
                0x0000000040162b59                EVP_MD_CTX_clear_flags
                0x0000000040162b67                EVP_MD_CTX_test_flags
                0x0000000040162b71                EVP_CIPHER_CTX_set_flags
                0x0000000040162b7d                EVP_CIPHER_CTX_clear_flags
                0x0000000040162b8b                EVP_CIPHER_CTX_test_flags
                0x0000000040162b95                idea_encrypt
                0x0000000040163568                idea_cbc_encrypt
                0x0000000040163b97                idea_cfb64_encrypt
                0x0000000040163dae                idea_options
                0x0000000040163db8                idea_ecb_encrypt
                0x0000000040163e6c                idea_ofb64_encrypt
                0x000000004016408b                idea_set_encrypt_key
                0x0000000040164202                idea_set_decrypt_key
                0x00000000401643a8                lh_strhash
                0x000000004016441e                lh_new
                0x0000000040164580                lh_free
                0x00000000401645f1                lh_insert
                0x00000000401647b5                lh_delete
                0x00000000401648e3                lh_retrieve
                0x0000000040164929                lh_doall
                0x0000000040164992                lh_doall_arg
                0x0000000040164a02                lh_num_items
                0x0000000040164a54                EVP_dss
                0x0000000040164a9d                EVP_dss1
                0x0000000040164ae6                EVP_ecdsa
                0x0000000040164b2f                EVP_md4
                0x0000000040164b78                EVP_md5
                0x0000000040164bc1                EVP_ripemd160
                0x0000000040164c0a                EVP_sha
                0x0000000040164cf7                EVP_sha1
                0x0000000040164d01                EVP_sha224
                0x0000000040164d0b                EVP_sha256
                0x0000000040164d15                EVP_sha384
                0x0000000040164d1f                EVP_sha512
                0x0000000040164d29                MD4_Init
                0x0000000040164d6e                md4_block_data_order
                0x00000000401652db                MD4_Update
                0x0000000040165417                MD4_Transform
                0x000000004016542b                MD4_Final
                0x00000000401654ff                MD5_Init
                0x0000000040165544                md5_block_data_order
                0x0000000040165c59                MD5_Update
                0x0000000040165d95                MD5_Transform
                0x0000000040165da9                MD5_Final
                0x0000000040165ead                CRYPTO_set_mem_functions
                0x0000000040165f20                CRYPTO_set_mem_ex_functions
                0x0000000040165f93                CRYPTO_set_locked_mem_functions
                0x0000000040165fd0                CRYPTO_set_locked_mem_ex_functions
                0x000000004016600d                CRYPTO_set_mem_debug_functions
                0x0000000040166044                CRYPTO_get_mem_functions
                0x0000000040166098                CRYPTO_get_mem_ex_functions
                0x00000000401660e8                CRYPTO_get_locked_mem_functions
                0x000000004016611c                CRYPTO_get_locked_mem_ex_functions
                0x000000004016614e                CRYPTO_get_mem_debug_functions
                0x000000004016619e                CRYPTO_malloc_locked
                0x000000004016624e                CRYPTO_free_locked
                0x0000000040166298                CRYPTO_malloc
                0x0000000040166348                CRYPTO_strdup
                0x0000000040166391                CRYPTO_realloc
                0x0000000040166440                CRYPTO_realloc_clean
                0x0000000040166523                CRYPTO_free
                0x000000004016656d                CRYPTO_remalloc
                0x000000004016659d                CRYPTO_set_mem_debug_options
                0x00000000401665b6                CRYPTO_get_mem_debug_options
                0x00000000401665d4                OPENSSL_cleanse
                0x0000000040166a60                CRYPTO_mem_ctrl
                0x0000000040166beb                CRYPTO_is_mem_check_on
                0x0000000040166c69                CRYPTO_dbg_set_options
                0x0000000040166c75                CRYPTO_dbg_get_options
                0x0000000040166c81                CRYPTO_push_info_
                0x0000000040166d4f                CRYPTO_pop_info
                0x0000000040166d93                CRYPTO_remove_all_info
                0x0000000040166ddd                CRYPTO_dbg_malloc
                0x0000000040166f7d                CRYPTO_dbg_free
                0x0000000040166ff8                CRYPTO_dbg_realloc
                0x0000000040167099                CRYPTO_mem_leaks
                0x00000000401671bb                CRYPTO_mem_leaks_cb
                0x0000000040167294                EVP_add_cipher
                0x00000000401672e5                EVP_add_digest
                0x000000004016737e                EVP_get_cipherbyname
                0x0000000040167392                EVP_get_digestbyname
                0x00000000401673a6                EVP_cleanup
                0x00000000401673f2                EVP_CIPHER_do_all
                0x000000004016741b                EVP_CIPHER_do_all_sorted
                0x0000000040167444                EVP_MD_do_all
                0x000000004016746d                EVP_MD_do_all_sorted
                0x00000000401675af                OBJ_NAME_init
                0x0000000040167601                OBJ_NAME_new_index
                0x000000004016776a                OBJ_NAME_get
                0x0000000040167811                OBJ_NAME_add
                0x00000000401678ef                OBJ_NAME_remove
                0x00000000401679a5                OBJ_NAME_do_all
                0x00000000401679d3                OBJ_NAME_do_all_sorted
                0x0000000040167a78                OBJ_NAME_cleanup
                0x0000000040167d3d                check_defer
                0x0000000040167d5f                OBJ_cleanup
                0x0000000040167dd5                OBJ_new_nid
                0x0000000040167de8                OBJ_add_object
                0x0000000040167fb1                OBJ_nid2obj
                0x0000000040168075                OBJ_nid2sn
                0x000000004016813c                OBJ_nid2ln
                0x0000000040168204                OBJ_bsearch_ex_
                0x0000000040168309                OBJ_bsearch_
                0x000000004016831e                OBJ_obj2nid
                0x00000000401683ab                OBJ_obj2txt
                0x000000004016874c                OBJ_ln2nid
                0x00000000401687cb                OBJ_sn2nid
                0x000000004016884a                OBJ_txt2obj
                0x000000004016894b                OBJ_txt2nid
                0x000000004016897e                OBJ_create
                0x0000000040168a76                OBJ_create_objects
                0x0000000040168bdb                ERR_load_OBJ_strings
                0x0000000040168c16                OBJ_dup
                0x0000000040168ddf                OBJ_cmp
                0x0000000040168e01                ERR_load_OCSP_strings
                0x0000000040168e3c                DES_ede3_ofb64_encrypt
                0x0000000040169000                DES_ofb64_encrypt
                0x00000000401691b3                PKCS5_PBKDF2_HMAC
                0x000000004016949c                PKCS5_PBKDF2_HMAC_SHA1
                0x00000000401694f3                PKCS5_v2_PBE_keyivgen
                0x0000000040169916                d2i_PBE2PARAM
                0x000000004016992a                i2d_PBE2PARAM
                0x000000004016993e                PBE2PARAM_new
                0x0000000040169952                PBE2PARAM_free
                0x0000000040169966                d2i_PBKDF2PARAM
                0x000000004016997a                i2d_PBKDF2PARAM
                0x000000004016998e                PBKDF2PARAM_new
                0x00000000401699a2                PBKDF2PARAM_free
[...]
timer_set                                         output.o
traverse_IrpList                                  output.o
traverse_entropy_excluded_process_list            output.o
traverse_excluded_process_list                    output.o
tree_find_sk                                      output.o
tty_get_logbuf_info                               output.o
tty_init_iohook                                   output.o
tty_putchar                                       output.o
tty_udp_register                                  output.o
ttylog_copy_from_panicmem                         output.o
ttylog_copy_to_panicmem                           output.o
ttylog_stop                                       output.o
uefi_acpi_20_table                                output.o
uefi_acpi_table                                   output.o
uefi_allocate_pages                               output.o
uefi_boot_acpi_table_mod                          output.o
uefi_boot_param_ext_addr                          output.o
uefi_booted                                       output.o
uefi_close_protocol                               output.o
uefi_conin                                        output.o
uefi_conin_read_key_stroke                        output.o
uefi_conout                                       output.o
uefi_conout_output_string                         output.o
uefi_create_event                                 output.o
uefi_disconnect_controller                        output.o
uefi_entry_call                                   output.o
uefi_entry_cr3                                    output.o
uefi_entry_gdtr                                   output.o
uefi_entry_pcpy                                   output.o
uefi_entry_restore_regs                           output.o
uefi_entry_ret_addr                               output.o
uefi_entry_rsp                                    output.o
uefi_entry_save_regs                              output.o
uefi_entry_save_regs_size                         output.o
uefi_entry_start                                  output.o
uefi_entry_virttophys                             output.o
uefi_free_pages                                   output.o
uefi_free_pool                                    output.o
uefi_get_memory_map                               output.o
uefi_image_handle                                 output.o
uefi_init                                         output.o
uefi_init_get_vmmsize                             output.o
uefi_locate_device_path                           output.o
uefi_locate_handle_buffer                         output.o
uefi_memory_map_data                              output.o
uefi_memory_map_descsize                          output.o
uefi_memory_map_size                              output.o
uefi_mmio_space                                   output.o
uefi_open_protocol                                output.o
uefi_param_ext_get_phys                           output.o
uefi_protocols_per_handle                         output.o
uefi_uninstall_protocol_interface                 output.o
uefi_wait_for_event                               output.o
uefiutil_disconnect_pcidev_driver                 output.o
uefiutil_get_graphics_info                        output.o
uefiutil_netdev_get_mac_addr                      output.o
uhci_activate_urb                                 output.o
uhci_check_advance                                output.o
uhci_check_urb_advance                            output.o
uhci_create_urb                                   output.o
uhci_current_frame_number                         output.o
uhci_deactivate_urb                               output.o
uhci_destroy_unlinked_urbs                        output.o
uhci_destroy_urb                                  output.o
uhci_dump_all                                     output.o
uhci_error_status_string                          output.o
uhci_framelist_monitor                            output.o
uhci_init                                         output.o
uhci_monitor_boost_hc                             output.o
uhci_reactivate_urb                               output.o
uhci_shadow_buffer                                output.o
uhci_submit_bulk                                  output.o
uhci_submit_control                               output.o
uhci_submit_interrupt                             output.o
unmapmem                                          output.o
update_mtrr_and_pat                               output.o
usb_bulk_read                                     output.o
usb_bulk_write                                    output.o
usb_busses_head                                   output.o
usb_claim_interface                               output.o
usb_clear_halt                                    output.o
usb_close                                         output.o
usb_control_msg                                   output.o
usb_find_busses                                   output.o
usb_find_devices                                  output.o
usb_get_bus                                       output.o
usb_get_busses                                    output.o
usb_get_descriptor                                output.o
usb_get_descriptor_by_endpoint                    output.o
usb_get_descriptor_early                          output.o
usb_get_string                                    output.o
usb_get_string_simple                             output.o
usb_hc_list_head                                  output.o
usb_hook_process                                  output.o
usb_hook_register                                 output.o
usb_hook_register_ex                              output.o
usb_hook_unregister                               output.o
usb_init                                          output.o
usb_init_device                                   output.o
usb_init_device_monitor                           output.o
usb_interrupt_read                                output.o
usb_interrupt_write                               output.o
usb_log_level                                     output.o
usb_new_dev_handle                                output.o
usb_open                                          output.o
usb_register_host                                 output.o
usb_release_interface                             output.o
usb_reset                                         output.o
usb_resetep                                       output.o
usb_sc_lock                                       output.o
usb_sc_unlock                                     output.o
usb_set_altinterface                              output.o
usb_set_configuration                             output.o
usb_set_debug                                     output.o
usb_unregister_devices                            output.o
usbhid_init_handle                                output.o
usbhub_init_handle                                output.o
usbmsc_init_handle                                output.o
use_pae                                           output.o
usleep                                            output.o
v2i_ASN1_BIT_STRING                               output.o
v2i_GENERAL_NAME                                  output.o
v2i_GENERAL_NAMES                                 output.o
v2i_GENERAL_NAME_ex                               output.o
v3_akey_id                                        output.o
v3_alt                                            output.o
v3_bcons                                          output.o
v3_cpols                                          output.o
v3_crl_hold                                       output.o
v3_crl_invdate                                    output.o
v3_crl_num                                        output.o
v3_crl_reason                                     output.o
v3_crld                                           output.o
v3_delta_crl                                      output.o
v3_ext_ku                                         output.o
v3_freshest_crl                                   output.o
v3_idp                                            output.o
v3_info                                           output.o
v3_inhibit_anyp                                   output.o
v3_key_usage                                      output.o
v3_name_constraints                               output.o
v3_ns_ia5_list                                    output.o
v3_nscert                                         output.o
v3_ocsp_accresp                                   output.o
v3_ocsp_acutoff                                   output.o
v3_ocsp_crlid                                     output.o
v3_ocsp_nocheck                                   output.o
v3_ocsp_nonce                                     output.o
v3_ocsp_serviceloc                                output.o
v3_pci                                            output.o
v3_pkey_usage_period                              output.o
v3_policy_constraints                             output.o
v3_policy_mappings                                output.o
v3_sinfo                                          output.o
v3_skey_id                                        output.o
v3_sxnet                                          output.o
vcpu_list_foreach                                 output.o
vga_fill_rect                                     output.o
vga_get_screen_size                               output.o
vga_is_ready                                      output.o
vga_register                                      output.o
vga_transfer_image                                output.o
virt_to_phys                                      output.o
vmctl_svm_init                                    output.o
vmctl_vt_init                                     output.o
vmm_base_cr3                                      output.o
vmm_main                                          output.o
vmm_start_inf                                     output.o
vmm_start_phys                                    output.o
vmm_term_inf                                      output.o
vmmcall                                           output.o
vmmcall_boot_continue                             output.o
vmmcall_boot_enable                               output.o
vmmcall_init                                      output.o
vmmcall_register                                  output.o
vmmsize                                           output.o
vprintf                                           output.o
vramwrite_clearscreen                             output.o
vramwrite_exit_global                             output.o
vramwrite_get_cursor_pos                          output.o
vramwrite_init_global                             output.o
vramwrite_mark1                                   output.o
vramwrite_mark2                                   output.o
vramwrite_mark3                                   output.o
vramwrite_putchar                                 output.o
vramwrite_restore_cursor                          output.o
vramwrite_save_and_move_cursor                    output.o
vsnprintf                                         output.o
vt__vmx_init                                      output.o
vt__vmxon                                         output.o
vt_add_guest_msr                                  output.o
vt_available                                      output.o
vt_emul_invept                                    output.o
vt_emul_invvpid                                   output.o
vt_emul_vmclear                                   output.o
vt_emul_vmlaunch                                  output.o
vt_emul_vmptrld                                   output.o
vt_emul_vmptrst                                   output.o
vt_emul_vmread                                    output.o
vt_emul_vmresume                                  output.o
vt_emul_vmwrite                                   output.o
vt_emul_vmxoff                                    output.o
vt_emul_vmxon                                     output.o
vt_emul_vmxon_in_vmx_root_mode                    output.o
vt_enable_resume                                  output.o
vt_ept_clear_all                                  output.o
vt_ept_init                                       output.o
vt_ept_map_1mb                                    output.o
vt_ept_tlbflush                                   output.o
vt_ept_updatecr3                                  output.o
vt_ept_violation                                  output.o
vt_exint_assert                                   output.o
vt_exint_pass                                     output.o
vt_generate_external_int                          output.o
vt_generate_pagefault                             output.o
vt_get_current_regs_in_vmcs                       output.o
vt_get_vmcs_regs_in_vmcs                          output.o
vt_init                                           output.o
vt_init_signal                                    output.o
vt_io                                             output.o
vt_iopass                                         output.o
vt_msr_init                                       output.o
vt_msr_load_process64_msrs                        output.o
vt_msr_own_process_msrs                           output.o
vt_msr_update_lma                                 output.o
vt_msrpass                                        output.o
vt_paging_apply_fixed_cr0                         output.o
vt_paging_apply_fixed_cr4                         output.o
vt_paging_clear_all                               output.o
vt_paging_flush_guest_tlb                         output.o
vt_paging_get_gpat                                output.o
vt_paging_init                                    output.o
vt_paging_invalidate                              output.o
vt_paging_map_1mb                                 output.o
vt_paging_npf                                     output.o
vt_paging_pagefault                               output.o
vt_paging_pg_change                               output.o
vt_paging_set_gpat                                output.o
vt_paging_spt_setcr3                              output.o
vt_paging_start                                   output.o
vt_paging_tlbflush                                output.o
vt_paging_updatecr3                               output.o
vt_panic_dump                                     output.o
vt_read_control_reg                               output.o
vt_read_flags                                     output.o
vt_read_gdtr                                      output.o
vt_read_general_reg                               output.o
vt_read_guest_msr                                 output.o
vt_read_idtr                                      output.o
vt_read_ip                                        output.o
vt_read_msr                                       output.o
vt_read_sreg_acr                                  output.o
vt_read_sreg_base                                 output.o
vt_read_sreg_limit                                output.o
vt_read_sreg_sel                                  output.o
vt_reset                                          output.o
vt_resume                                         output.o
vt_shadow_vt_reset                                output.o
vt_start_vm                                       output.o
vt_update_exception_bmp                           output.o
vt_update_exint                                   output.o
vt_vmexit                                         output.o
vt_vminit                                         output.o
vt_vmptrld                                        output.o
vt_write_control_reg                              output.o
vt_write_flags                                    output.o
vt_write_gdtr                                     output.o
vt_write_general_reg                              output.o
vt_write_guest_msr                                output.o
vt_write_idtr                                     output.o
vt_write_ip                                       output.o
vt_write_msr                                      output.o
vt_write_realmode_seg                             output.o
vt_writing_sreg                                   output.o
waitcycles                                        output.o
wake_up_decoder                                   output.o
wakeup_cont                                       output.o
wakeup_entry_addr                                 output.o
wakeup_entry_cr0                                  output.o
wakeup_entry_cr3                                  output.o
wakeup_entry_cr4                                  output.o
wakeup_entry_end                                  output.o
wakeup_entry_gdtr                                 output.o
wakeup_entry_start                                output.o
wakeup_init                                       output.o
wakeup_main                                       output.o
whirlpool_block                                   output.o
win_AddTag                                        output.o
win_AddToBitmap                                   output.o
win_AddToSectorPageMap                            output.o
win_CheckBitmap                                   output.o
win_DetermineTag                                  output.o
win_Handle_Recovery                               output.o
win_SearchSectorMap                               output.o
win_add_to_high_entropylist                       output.o
win_add_to_patternlist                            output.o
win_add_to_process_blacklist                      output.o
win_analyse                                       output.o
win_container_of                                  output.o
win_del_from_patternlist                          output.o
win_entropy_excluded_processes                    output.o
win_excluded_processes                            output.o
win_get_CurrentProcessInfo                        output.o
win_get_CurrentThread                             output.o
win_get_FileObjectInfo                            output.o
win_get_IrpInfo                                   output.o
win_get_KPCR                                      output.o
win_get_KPRCB                                     output.o
win_get_cr3                                       output.o
win_high_entropylist                              output.o
win_is_MFT_or_Bitmap                              output.o
win_load_bitmap                                   output.o
win_print_irp_info                                output.o
win_print_process_info                            output.o
win_processe_blacklist                            output.o
win_ransomtag_init                                output.o
win_ransomtag_storage_handle_sectors              output.o
win_read_virtaddr_data                            output.o
win_traverse_high_entropylist                     output.o
win_traverse_patternlist                          output.o
win_traverse_process_blacklist                    output.o
write_gphys_b                                     output.o
write_gphys_l                                     output.o
write_gphys_q                                     output.o
write_gphys_w                                     output.o
write_hphys_b                                     output.o
write_hphys_l                                     output.o
write_hphys_q                                     output.o
write_hphys_w                                     output.o
write_linearaddr_b                                output.o
write_linearaddr_l                                output.o
write_linearaddr_ok_b                             output.o
write_linearaddr_ok_l                             output.o
write_linearaddr_ok_w                             output.o
write_linearaddr_q                                output.o
write_linearaddr_tss                              output.o
write_linearaddr_w                                output.o
x509_name_ff                                      output.o
